Release 14.7 - xst P.20131013 (nt64)
Copyright (c) 1995-2013 Xilinx, Inc.  All rights reserved.
--> Parameter TMPDIR set to xst/projnav.tmp


Total REAL time to Xst completion: 0.00 secs
Total CPU time to Xst completion: 0.09 secs
 
--> Parameter xsthdpdir set to xst


Total REAL time to Xst completion: 0.00 secs
Total CPU time to Xst completion: 0.09 secs
 
--> Reading design: led_counter.prj

TABLE OF CONTENTS
  1) Synthesis Options Summary
  2) HDL Compilation
  3) Design Hierarchy Analysis
  4) HDL Analysis
  5) HDL Synthesis
     5.1) HDL Synthesis Report
  6) Advanced HDL Synthesis
     6.1) Advanced HDL Synthesis Report
  7) Low Level Synthesis
  8) Partition Report
  9) Final Report
	9.1) Device utilization summary
	9.2) Partition Resource Summary
	9.3) TIMING REPORT


=========================================================================
*                      Synthesis Options Summary                        *
=========================================================================
---- Source Parameters
Input File Name                    : "led_counter.prj"
Input Format                       : mixed
Ignore Synthesis Constraint File   : NO

---- Target Parameters
Output File Name                   : "led_counter"
Output Format                      : NGC
Target Device                      : xc3s500e-4-fg320

---- Source Options
Top Module Name                    : led_counter
Automatic FSM Extraction           : YES
FSM Encoding Algorithm             : Auto
Safe Implementation                : No
FSM Style                          : LUT
RAM Extraction                     : Yes
RAM Style                          : Auto
ROM Extraction                     : Yes
Mux Style                          : Auto
Decoder Extraction                 : YES
Priority Encoder Extraction        : Yes
Shift Register Extraction          : YES
Logical Shifter Extraction         : YES
XOR Collapsing                     : YES
ROM Style                          : Auto
Mux Extraction                     : Yes
Resource Sharing                   : YES
Asynchronous To Synchronous        : NO
Multiplier Style                   : Auto
Automatic Register Balancing       : No

---- Target Options
Add IO Buffers                     : YES
Global Maximum Fanout              : 100000
Add Generic Clock Buffer(BUFG)     : 24
Register Duplication               : YES
Slice Packing                      : YES
Optimize Instantiated Primitives   : NO
Use Clock Enable                   : Yes
Use Synchronous Set                : Yes
Use Synchronous Reset              : Yes
Pack IO Registers into IOBs        : Auto
Equivalent register Removal        : YES

---- General Options
Optimization Goal                  : Speed
Optimization Effort                : 1
Keep Hierarchy                     : No
Netlist Hierarchy                  : As_Optimized
RTL Output                         : Yes
Global Optimization                : AllClockNets
Read Cores                         : YES
Write Timing Constraints           : NO
Cross Clock Analysis               : NO
Hierarchy Separator                : /
Bus Delimiter                      : <>
Case Specifier                     : Maintain
Slice Utilization Ratio            : 100
BRAM Utilization Ratio             : 100
Verilog 2001                       : YES
Auto BRAM Packing                  : NO
Slice Utilization Ratio Delta      : 5

=========================================================================


=========================================================================
*                          HDL Compilation                              *
=========================================================================
Compiling verilog file "mux8_1.v" in library work
Compiling verilog file "counter_ud_inv.v" in library work
Module <mux8_1> compiled
Compiling verilog file "clock_div.v" in library work
Module <counter_ud_inv> compiled
Compiling verilog file "led_counter.v" in library work
Module <clock_div> compiled
Module <led_counter> compiled
No errors in compilation
Analysis of file <"led_counter.prj"> succeeded.
 

=========================================================================
*                     Design Hierarchy Analysis                         *
=========================================================================
Analyzing hierarchy for module <led_counter> in library <work>.

Analyzing hierarchy for module <clock_div> in library <work> with parameters.
	M = "00000000000000000000001111101000"
	N = "00000000000000000000000000001010"

Analyzing hierarchy for module <mux8_1> in library <work>.

Analyzing hierarchy for module <counter_ud_inv> in library <work> with parameters.
	N = "00000000000000000000000000001000"


=========================================================================
*                            HDL Analysis                               *
=========================================================================
Analyzing top module <led_counter>.
Module <led_counter> is correct for synthesis.
 
Analyzing module <clock_div> in library <work>.
	M = 32'sb00000000000000000000001111101000
	N = 32'sb00000000000000000000000000001010
Module <clock_div> is correct for synthesis.
 
Analyzing module <mux8_1> in library <work>.
Module <mux8_1> is correct for synthesis.
 
Analyzing module <counter_ud_inv> in library <work>.
	N = 32'sb00000000000000000000000000001000
Module <counter_ud_inv> is correct for synthesis.
 

=========================================================================
*                           HDL Synthesis                               *
=========================================================================

Performing bidirectional port resolution...

Synthesizing Unit <clock_div>.
    Related source file is "clock_div.v".
    Found 10-bit comparator less for signal <q_0$cmp_lt0000> created at line 63.
    Found 10-bit comparator less for signal <q_1$cmp_lt0000> created at line 64.
    Found 10-bit comparator less for signal <q_2$cmp_lt0000> created at line 65.
    Found 10-bit comparator less for signal <q_3$cmp_lt0000> created at line 66.
    Found 10-bit comparator less for signal <q_4$cmp_lt0000> created at line 67.
    Found 10-bit comparator less for signal <q_5$cmp_lt0000> created at line 68.
    Found 10-bit comparator less for signal <q_6$cmp_lt0000> created at line 69.
    Found 10-bit comparator less for signal <q_7$cmp_lt0000> created at line 70.
    Found 10-bit adder for signal <r_next100kH$addsub0000> created at line 55.
    Found 10-bit adder for signal <r_next1MH$addsub0000> created at line 59.
    Found 10-bit adder for signal <r_next200kH$addsub0000> created at line 56.
    Found 10-bit adder for signal <r_next2M5H$addsub0000> created at line 60.
    Found 10-bit adder for signal <r_next400kH$addsub0000> created at line 57.
    Found 10-bit adder for signal <r_next500kH$addsub0000> created at line 58.
    Found 10-bit adder for signal <r_next50kH$addsub0000> created at line 54.
    Found 10-bit adder for signal <r_next5MH$addsub0000> created at line 61.
    Found 10-bit register for signal <r_reg100kH>.
    Found 10-bit register for signal <r_reg1MH>.
    Found 10-bit register for signal <r_reg200kH>.
    Found 10-bit register for signal <r_reg2M5H>.
    Found 10-bit register for signal <r_reg400kH>.
    Found 10-bit register for signal <r_reg500kH>.
    Found 10-bit register for signal <r_reg50kH>.
    Found 10-bit register for signal <r_reg5MH>.
    Summary:
	inferred  80 D-type flip-flop(s).
	inferred   8 Adder/Subtractor(s).
	inferred   8 Comparator(s).
Unit <clock_div> synthesized.


Synthesizing Unit <mux8_1>.
    Related source file is "mux8_1.v".
    Found 1-bit 8-to-1 multiplexer for signal <clk_out>.
    Summary:
	inferred   1 Multiplexer(s).
Unit <mux8_1> synthesized.


Synthesizing Unit <counter_ud_inv>.
    Related source file is "counter_ud_inv.v".
    Found 8-bit addsub for signal <r_next>.
    Found 8-bit register for signal <r_reg>.
    Summary:
	inferred   8 D-type flip-flop(s).
	inferred   1 Adder/Subtractor(s).
Unit <counter_ud_inv> synthesized.


Synthesizing Unit <led_counter>.
    Related source file is "led_counter.v".
Unit <led_counter> synthesized.

INFO:Xst:1767 - HDL ADVISOR - Resource sharing has identified that some arithmetic operations in this design can share the same physical resources for reduced device utilization. For improved clock frequency you may try to disable resource sharing.

=========================================================================
HDL Synthesis Report

Macro Statistics
# Adders/Subtractors                                   : 9
 10-bit adder                                          : 8
 8-bit addsub                                          : 1
# Registers                                            : 9
 10-bit register                                       : 8
 8-bit register                                        : 1
# Comparators                                          : 8
 10-bit comparator less                                : 8
# Multiplexers                                         : 1
 1-bit 8-to-1 multiplexer                              : 1

=========================================================================

=========================================================================
*                       Advanced HDL Synthesis                          *
=========================================================================


Synthesizing (advanced) Unit <counter_ud_inv>.
The following registers are absorbed into accumulator <r_reg>: 1 register on signal <r_reg>.
Unit <counter_ud_inv> synthesized (advanced).

=========================================================================
Advanced HDL Synthesis Report

Macro Statistics
# Adders/Subtractors                                   : 8
 10-bit adder                                          : 8
# Accumulators                                         : 1
 8-bit updown accumulator                              : 1
# Registers                                            : 80
 Flip-Flops                                            : 80
# Comparators                                          : 8
 10-bit comparator less                                : 8
# Multiplexers                                         : 1
 1-bit 8-to-1 multiplexer                              : 1

=========================================================================

=========================================================================
*                         Low Level Synthesis                           *
=========================================================================

Optimizing unit <led_counter> ...

Optimizing unit <clock_div> ...

Optimizing unit <counter_ud_inv> ...

Mapping all equations...
Building and optimizing final netlist ...
Found area constraint ratio of 100 (+ 5) on block led_counter, actual ratio is 2.

Final Macro Processing ...

=========================================================================
Final Register Report

Macro Statistics
# Registers                                            : 88
 Flip-Flops                                            : 88

=========================================================================

=========================================================================
*                           Partition Report                            *
=========================================================================

Partition Implementation Status
-------------------------------

  No Partitions were found in this design.

-------------------------------

=========================================================================
*                            Final Report                               *
=========================================================================
Final Results
RTL Top Level Output File Name     : led_counter.ngr
Top Level Output File Name         : led_counter
Output Format                      : NGC
Optimization Goal                  : Speed
Keep Hierarchy                     : No

Design Statistics
# IOs                              : 17

Cell Usage :
# BELS                             : 400
#      GND                         : 1
#      INV                         : 9
#      LUT1                        : 72
#      LUT2                        : 95
#      LUT3                        : 10
#      LUT4                        : 30
#      LUT4_D                      : 8
#      MUXCY                       : 79
#      MUXF5                       : 6
#      MUXF6                       : 1
#      VCC                         : 1
#      XORCY                       : 88
# FlipFlops/Latches                : 88
#      FDC                         : 88
# Clock Buffers                    : 1
#      BUFG                        : 1
# IO Buffers                       : 17
#      IBUF                        : 9
#      OBUF                        : 8
=========================================================================

Device utilization summary:
---------------------------

Selected Device : 3s500efg320-4 

 Number of Slices:                      122  out of   4656     2%  
 Number of Slice Flip Flops:             88  out of   9312     0%  
 Number of 4 input LUTs:                224  out of   9312     2%  
 Number of IOs:                          17
 Number of bonded IOBs:                  17  out of    232     7%  
 Number of GCLKs:                         1  out of     24     4%  

---------------------------
Partition Resource Summary:
---------------------------

  No Partitions were found in this design.

---------------------------


=========================================================================
TIMING REPORT

NOTE: THESE TIMING NUMBERS ARE ONLY A SYNTHESIS ESTIMATE.
      FOR ACCURATE TIMING INFORMATION PLEASE REFER TO THE TRACE REPORT
      GENERATED AFTER PLACE-and-ROUTE.

Clock Information:
------------------
------------------------------------+-----------------------------+-------+
Clock Signal                        | Clock buffer(FF name)       | Load  |
------------------------------------+-----------------------------+-------+
w1(w1:O)                            | BUFG(*)(clockdiv/r_reg5MH_9)| 80    |
clk_out(mux8to1/Mmux_clk_out_2_f6:O)| NONE(*)(counter/r_reg_7)    | 8     |
------------------------------------+-----------------------------+-------+
(*) These 2 clock signal(s) are generated by combinatorial logic,
and XST is not able to identify which are the primary clock signals.
Please use the CLOCK_SIGNAL constraint to specify the clock signal(s) generated by combinatorial logic.
INFO:Xst:2169 - HDL ADVISOR - Some clock signals were not automatically buffered by XST with BUFG/BUFR resources. Please use the buffer_type constraint in order to insert these buffers to the clock signals to help prevent skew problems.

Asynchronous Control Signals Information:
----------------------------------------
-----------------------------------+------------------------+-------+
Control Signal                     | Buffer(FF name)        | Load  |
-----------------------------------+------------------------+-------+
reset                              | IBUF                   | 88    |
-----------------------------------+------------------------+-------+

Timing Summary:
---------------
Speed Grade: -4

   Minimum period: 5.193ns (Maximum Frequency: 192.567MHz)
   Minimum input arrival time before clock: 4.707ns
   Maximum output required time after clock: 5.513ns
   Maximum combinational path delay: 6.546ns

Timing Detail:
--------------
All values displayed in nanoseconds (ns)

=========================================================================
Timing constraint: Default period analysis for Clock 'w1'
  Clock period: 5.193ns (frequency: 192.567MHz)
  Total number of paths / destination ports: 1240 / 80
-------------------------------------------------------------------------
Delay:               5.193ns (Levels of Logic = 11)
  Source:            clockdiv/r_reg5MH_1 (FF)
  Destination:       clockdiv/r_reg5MH_9 (FF)
  Source Clock:      w1 rising
  Destination Clock: w1 rising

  Data Path: clockdiv/r_reg5MH_1 to clockdiv/r_reg5MH_9
                                Gate     Net
    Cell:in->out      fanout   Delay   Delay  Logical Name (Net Name)
    ----------------------------------------  ------------
     FDC:C->Q              3   0.591   0.706  clockdiv/r_reg5MH_1 (clockdiv/r_reg5MH_1)
     LUT1:I0->O            1   0.704   0.000  clockdiv/Madd_r_next5MH_addsub0000_cy<1>_rt (clockdiv/Madd_r_next5MH_addsub0000_cy<1>_rt)
     MUXCY:S->O            1   0.464   0.000  clockdiv/Madd_r_next5MH_addsub0000_cy<1> (clockdiv/Madd_r_next5MH_addsub0000_cy<1>)
     MUXCY:CI->O           1   0.059   0.000  clockdiv/Madd_r_next5MH_addsub0000_cy<2> (clockdiv/Madd_r_next5MH_addsub0000_cy<2>)
     MUXCY:CI->O           1   0.059   0.000  clockdiv/Madd_r_next5MH_addsub0000_cy<3> (clockdiv/Madd_r_next5MH_addsub0000_cy<3>)
     MUXCY:CI->O           1   0.059   0.000  clockdiv/Madd_r_next5MH_addsub0000_cy<4> (clockdiv/Madd_r_next5MH_addsub0000_cy<4>)
     MUXCY:CI->O           1   0.059   0.000  clockdiv/Madd_r_next5MH_addsub0000_cy<5> (clockdiv/Madd_r_next5MH_addsub0000_cy<5>)
     MUXCY:CI->O           1   0.059   0.000  clockdiv/Madd_r_next5MH_addsub0000_cy<6> (clockdiv/Madd_r_next5MH_addsub0000_cy<6>)
     MUXCY:CI->O           1   0.059   0.000  clockdiv/Madd_r_next5MH_addsub0000_cy<7> (clockdiv/Madd_r_next5MH_addsub0000_cy<7>)
     MUXCY:CI->O           0   0.059   0.000  clockdiv/Madd_r_next5MH_addsub0000_cy<8> (clockdiv/Madd_r_next5MH_addsub0000_cy<8>)
     XORCY:CI->O           1   0.804   0.499  clockdiv/Madd_r_next5MH_addsub0000_xor<9> (clockdiv/r_next5MH_addsub0000<9>)
     LUT2:I1->O            1   0.704   0.000  clockdiv/r_next5MH<9>1 (clockdiv/r_next5MH<9>)
     FDC:D                     0.308          clockdiv/r_reg5MH_9
    ----------------------------------------
    Total                      5.193ns (3.988ns logic, 1.205ns route)
                                       (76.8% logic, 23.2% route)

=========================================================================
Timing constraint: Default period analysis for Clock 'clk_out'
  Clock period: 3.847ns (frequency: 259.943MHz)
  Total number of paths / destination ports: 64 / 8
-------------------------------------------------------------------------
Delay:               3.847ns (Levels of Logic = 9)
  Source:            counter/r_reg_0 (FF)
  Destination:       counter/r_reg_7 (FF)
  Source Clock:      clk_out rising
  Destination Clock: clk_out rising

  Data Path: counter/r_reg_0 to counter/r_reg_7
                                Gate     Net
    Cell:in->out      fanout   Delay   Delay  Logical Name (Net Name)
    ----------------------------------------  ------------
     FDC:C->Q              2   0.591   0.622  counter/r_reg_0 (counter/r_reg_0)
     LUT3:I0->O            1   0.704   0.000  counter/Maccum_r_reg_lut<0> (counter/Maccum_r_reg_lut<0>)
     MUXCY:S->O            1   0.464   0.000  counter/Maccum_r_reg_cy<0> (counter/Maccum_r_reg_cy<0>)
     MUXCY:CI->O           1   0.059   0.000  counter/Maccum_r_reg_cy<1> (counter/Maccum_r_reg_cy<1>)
     MUXCY:CI->O           1   0.059   0.000  counter/Maccum_r_reg_cy<2> (counter/Maccum_r_reg_cy<2>)
     MUXCY:CI->O           1   0.059   0.000  counter/Maccum_r_reg_cy<3> (counter/Maccum_r_reg_cy<3>)
     MUXCY:CI->O           1   0.059   0.000  counter/Maccum_r_reg_cy<4> (counter/Maccum_r_reg_cy<4>)
     MUXCY:CI->O           1   0.059   0.000  counter/Maccum_r_reg_cy<5> (counter/Maccum_r_reg_cy<5>)
     MUXCY:CI->O           0   0.059   0.000  counter/Maccum_r_reg_cy<6> (counter/Maccum_r_reg_cy<6>)
     XORCY:CI->O           1   0.804   0.000  counter/Maccum_r_reg_xor<7> (counter/Result<7>)
     FDC:D                     0.308          counter/r_reg_7
    ----------------------------------------
    Total                      3.847ns (3.225ns logic, 0.622ns route)
                                       (83.8% logic, 16.2% route)

=========================================================================
Timing constraint: Default OFFSET IN BEFORE for Clock 'clk_out'
  Total number of paths / destination ports: 59 / 8
-------------------------------------------------------------------------
Offset:              4.707ns (Levels of Logic = 10)
  Source:            ud (PAD)
  Destination:       counter/r_reg_7 (FF)
  Destination Clock: clk_out rising

  Data Path: ud to counter/r_reg_7
                                Gate     Net
    Cell:in->out      fanout   Delay   Delay  Logical Name (Net Name)
    ----------------------------------------  ------------
     IBUF:I->O             9   1.218   0.855  ud_IBUF (ud_IBUF)
     LUT3:I2->O            1   0.704   0.000  counter/Maccum_r_reg_lut<0> (counter/Maccum_r_reg_lut<0>)
     MUXCY:S->O            1   0.464   0.000  counter/Maccum_r_reg_cy<0> (counter/Maccum_r_reg_cy<0>)
     MUXCY:CI->O           1   0.059   0.000  counter/Maccum_r_reg_cy<1> (counter/Maccum_r_reg_cy<1>)
     MUXCY:CI->O           1   0.059   0.000  counter/Maccum_r_reg_cy<2> (counter/Maccum_r_reg_cy<2>)
     MUXCY:CI->O           1   0.059   0.000  counter/Maccum_r_reg_cy<3> (counter/Maccum_r_reg_cy<3>)
     MUXCY:CI->O           1   0.059   0.000  counter/Maccum_r_reg_cy<4> (counter/Maccum_r_reg_cy<4>)
     MUXCY:CI->O           1   0.059   0.000  counter/Maccum_r_reg_cy<5> (counter/Maccum_r_reg_cy<5>)
     MUXCY:CI->O           0   0.059   0.000  counter/Maccum_r_reg_cy<6> (counter/Maccum_r_reg_cy<6>)
     XORCY:CI->O           1   0.804   0.000  counter/Maccum_r_reg_xor<7> (counter/Result<7>)
     FDC:D                     0.308          counter/r_reg_7
    ----------------------------------------
    Total                      4.707ns (3.852ns logic, 0.855ns route)
                                       (81.8% logic, 18.2% route)

=========================================================================
Timing constraint: Default OFFSET OUT AFTER for Clock 'clk_out'
  Total number of paths / destination ports: 8 / 8
-------------------------------------------------------------------------
Offset:              5.513ns (Levels of Logic = 2)
  Source:            counter/r_reg_7 (FF)
  Destination:       q<7> (PAD)
  Source Clock:      clk_out rising

  Data Path: counter/r_reg_7 to q<7>
                                Gate     Net
    Cell:in->out      fanout   Delay   Delay  Logical Name (Net Name)
    ----------------------------------------  ------------
     FDC:C->Q              2   0.591   0.526  counter/r_reg_7 (counter/r_reg_7)
     LUT2:I1->O            1   0.704   0.420  counter/q<7>1 (q_7_OBUF)
     OBUF:I->O                 3.272          q_7_OBUF (q<7>)
    ----------------------------------------
    Total                      5.513ns (4.567ns logic, 0.946ns route)
                                       (82.8% logic, 17.2% route)

=========================================================================
Timing constraint: Default path analysis
  Total number of paths / destination ports: 8 / 8
-------------------------------------------------------------------------
Delay:               6.546ns (Levels of Logic = 3)
  Source:            inv (PAD)
  Destination:       q<7> (PAD)

  Data Path: inv to q<7>
                                Gate     Net
    Cell:in->out      fanout   Delay   Delay  Logical Name (Net Name)
    ----------------------------------------  ------------
     IBUF:I->O             8   1.218   0.932  inv_IBUF (inv_IBUF)
     LUT2:I0->O            1   0.704   0.420  counter/q<7>1 (q_7_OBUF)
     OBUF:I->O                 3.272          q_7_OBUF (q<7>)
    ----------------------------------------
    Total                      6.546ns (5.194ns logic, 1.352ns route)
                                       (79.3% logic, 20.7% route)

=========================================================================


Total REAL time to Xst completion: 5.00 secs
Total CPU time to Xst completion: 4.71 secs
 
--> 

Total memory usage is 4513648 kilobytes

Number of errors   :    0 (   0 filtered)
Number of warnings :    0 (   0 filtered)
Number of infos    :    2 (   0 filtered)

