MO button NULL button.v vlg00/button.bin 1639046315
MO Counter8bs NULL Counter8bs.v vlg05/_counter8bs.bin 1639046315
MO FSM NULL FSM.v vlg42/_f_s_m.bin 1639046315
MO clock_div NULL clock_div.v vlg4A/clock__div.bin 1639046315
MO Counter2bs NULL Counter2bs.v vlg6F/_counter2bs.bin 1639046315
MO mux4_1 NULL mux4_1.v vlg6E/mux4__1.bin 1639046315
