Release 14.7 - xst P.20131013 (nt64)
Copyright (c) 1995-2013 Xilinx, Inc.  All rights reserved.
--> Parameter TMPDIR set to xst/projnav.tmp


Total REAL time to Xst completion: 0.00 secs
Total CPU time to Xst completion: 0.05 secs
 
--> Parameter xsthdpdir set to xst


Total REAL time to Xst completion: 0.00 secs
Total CPU time to Xst completion: 0.05 secs
 
--> Reading design: Shift_Register.prj

TABLE OF CONTENTS
  1) Synthesis Options Summary
  2) HDL Compilation
  3) Design Hierarchy Analysis
  4) HDL Analysis
  5) HDL Synthesis
     5.1) HDL Synthesis Report
  6) Advanced HDL Synthesis
     6.1) Advanced HDL Synthesis Report
  7) Low Level Synthesis
  8) Partition Report
  9) Final Report
	9.1) Device utilization summary
	9.2) Partition Resource Summary
	9.3) TIMING REPORT


=========================================================================
*                      Synthesis Options Summary                        *
=========================================================================
---- Source Parameters
Input File Name                    : "Shift_Register.prj"
Input Format                       : mixed
Ignore Synthesis Constraint File   : NO

---- Target Parameters
Output File Name                   : "Shift_Register"
Output Format                      : NGC
Target Device                      : xc3s100e-5-vq100

---- Source Options
Top Module Name                    : Shift_Register
Automatic FSM Extraction           : YES
FSM Encoding Algorithm             : Auto
Safe Implementation                : No
FSM Style                          : LUT
RAM Extraction                     : Yes
RAM Style                          : Auto
ROM Extraction                     : Yes
Mux Style                          : Auto
Decoder Extraction                 : YES
Priority Encoder Extraction        : Yes
Shift Register Extraction          : YES
Logical Shifter Extraction         : YES
XOR Collapsing                     : YES
ROM Style                          : Auto
Mux Extraction                     : Yes
Resource Sharing                   : YES
Asynchronous To Synchronous        : NO
Multiplier Style                   : Auto
Automatic Register Balancing       : No

---- Target Options
Add IO Buffers                     : YES
Global Maximum Fanout              : 500
Add Generic Clock Buffer(BUFG)     : 24
Register Duplication               : YES
Slice Packing                      : YES
Optimize Instantiated Primitives   : NO
Use Clock Enable                   : Yes
Use Synchronous Set                : Yes
Use Synchronous Reset              : Yes
Pack IO Registers into IOBs        : Auto
Equivalent register Removal        : YES

---- General Options
Optimization Goal                  : Speed
Optimization Effort                : 1
Keep Hierarchy                     : No
Netlist Hierarchy                  : As_Optimized
RTL Output                         : Yes
Global Optimization                : AllClockNets
Read Cores                         : YES
Write Timing Constraints           : NO
Cross Clock Analysis               : NO
Hierarchy Separator                : /
Bus Delimiter                      : <>
Case Specifier                     : Maintain
Slice Utilization Ratio            : 100
BRAM Utilization Ratio             : 100
Verilog 2001                       : YES
Auto BRAM Packing                  : NO
Slice Utilization Ratio Delta      : 5

=========================================================================


=========================================================================
*                          HDL Compilation                              *
=========================================================================
Compiling verilog file "Shift_SIPO.v" in library work
Compiling verilog file "clock_div.v" in library work
Module <Shift_SIPO> compiled
Compiling verilog file "Shift_Register.v" in library work
Module <clock_div> compiled
Module <Shift_Register> compiled
No errors in compilation
Analysis of file <"Shift_Register.prj"> succeeded.
 

=========================================================================
*                     Design Hierarchy Analysis                         *
=========================================================================
Analyzing hierarchy for module <Shift_Register> in library <work>.

Analyzing hierarchy for module <clock_div> in library <work> with parameters.
	M = "00000000000000000000000000001010"
	N = "00000000000000000000000000000100"

Analyzing hierarchy for module <Shift_SIPO> in library <work>.


=========================================================================
*                            HDL Analysis                               *
=========================================================================
Analyzing top module <Shift_Register>.
Module <Shift_Register> is correct for synthesis.
 
Analyzing module <clock_div> in library <work>.
	M = 32'sb00000000000000000000000000001010
	N = 32'sb00000000000000000000000000000100
Module <clock_div> is correct for synthesis.
 
Analyzing module <Shift_SIPO> in library <work>.
Module <Shift_SIPO> is correct for synthesis.
 

=========================================================================
*                           HDL Synthesis                               *
=========================================================================

Performing bidirectional port resolution...

Synthesizing Unit <clock_div>.
    Related source file is "clock_div.v".
    Found 4-bit comparator less for signal <q$cmp_lt0000> created at line 38.
    Found 4-bit adder for signal <r_next$addsub0000> created at line 36.
    Found 4-bit register for signal <r_reg>.
    Summary:
	inferred   4 D-type flip-flop(s).
	inferred   1 Adder/Subtractor(s).
	inferred   1 Comparator(s).
Unit <clock_div> synthesized.


Synthesizing Unit <Shift_SIPO>.
    Related source file is "Shift_SIPO.v".
    Found 8-bit register for signal <r_reg>.
Unit <Shift_SIPO> synthesized.


Synthesizing Unit <Shift_Register>.
    Related source file is "Shift_Register.v".
WARNING:Xst:737 - Found 1-bit latch for signal <lr>. Latches may be generated from incomplete case or if statements. We do not recommend the use of latches in FPGA/CPLD designs, as they may lead to timing problems.
INFO:Xst:2371 - HDL ADVISOR - Logic functions respectively driving the data and gate enable inputs of this latch share common terms. This situation will potentially lead to setup/hold violations and, as a result, to simulation problems. This situation may come from an incomplete case statement (all selector values are not covered). You should carefully review if it was in your intentions to describe such a latch.
Unit <Shift_Register> synthesized.


=========================================================================
HDL Synthesis Report

Macro Statistics
# Adders/Subtractors                                   : 1
 4-bit adder                                           : 1
# Registers                                            : 2
 4-bit register                                        : 1
 8-bit register                                        : 1
# Latches                                              : 1
 1-bit latch                                           : 1
# Comparators                                          : 1
 4-bit comparator less                                 : 1

=========================================================================

=========================================================================
*                       Advanced HDL Synthesis                          *
=========================================================================


=========================================================================
Advanced HDL Synthesis Report

Macro Statistics
# Adders/Subtractors                                   : 1
 4-bit adder                                           : 1
# Registers                                            : 12
 Flip-Flops                                            : 12
# Latches                                              : 1
 1-bit latch                                           : 1
# Comparators                                          : 1
 4-bit comparator less                                 : 1

=========================================================================

=========================================================================
*                         Low Level Synthesis                           *
=========================================================================

Optimizing unit <Shift_Register> ...

Optimizing unit <clock_div> ...

Optimizing unit <Shift_SIPO> ...

Mapping all equations...
Building and optimizing final netlist ...
Found area constraint ratio of 100 (+ 5) on block Shift_Register, actual ratio is 1.

Final Macro Processing ...

=========================================================================
Final Register Report

Macro Statistics
# Registers                                            : 12
 Flip-Flops                                            : 12

=========================================================================

=========================================================================
*                           Partition Report                            *
=========================================================================

Partition Implementation Status
-------------------------------

  No Partitions were found in this design.

-------------------------------

=========================================================================
*                            Final Report                               *
=========================================================================
Final Results
RTL Top Level Output File Name     : Shift_Register.ngr
Top Level Output File Name         : Shift_Register
Output Format                      : NGC
Optimization Goal                  : Speed
Keep Hierarchy                     : No

Design Statistics
# IOs                              : 11

Cell Usage :
# BELS                             : 22
#      INV                         : 1
#      LUT2                        : 9
#      LUT3                        : 9
#      LUT4                        : 3
# FlipFlops/Latches                : 13
#      FDC                         : 11
#      FDP                         : 1
#      LD                          : 1
# Clock Buffers                    : 1
#      BUFGP                       : 1
# IO Buffers                       : 10
#      IBUF                        : 2
#      OBUF                        : 8
=========================================================================

Device utilization summary:
---------------------------

Selected Device : 3s100evq100-5 

 Number of Slices:                       12  out of    960     1%  
 Number of Slice Flip Flops:             13  out of   1920     0%  
 Number of 4 input LUTs:                 22  out of   1920     1%  
 Number of IOs:                          11
 Number of bonded IOBs:                  11  out of     66    16%  
 Number of GCLKs:                         1  out of     24     4%  

---------------------------
Partition Resource Summary:
---------------------------

  No Partitions were found in this design.

---------------------------


=========================================================================
TIMING REPORT

NOTE: THESE TIMING NUMBERS ARE ONLY A SYNTHESIS ESTIMATE.
      FOR ACCURATE TIMING INFORMATION PLEASE REFER TO THE TRACE REPORT
      GENERATED AFTER PLACE-and-ROUTE.

Clock Information:
------------------
-----------------------------------+------------------------+-------+
Clock Signal                       | Clock buffer(FF name)  | Load  |
-----------------------------------+------------------------+-------+
lr_not0001(lr_not00011:O)          | NONE(*)(lr)            | 1     |
clk                                | BUFGP                  | 4     |
clk_out(clockdivider/q1:O)         | NONE(*)(SIPO/r_reg_0)  | 8     |
-----------------------------------+------------------------+-------+
(*) These 2 clock signal(s) are generated by combinatorial logic,
and XST is not able to identify which are the primary clock signals.
Please use the CLOCK_SIGNAL constraint to specify the clock signal(s) generated by combinatorial logic.
INFO:Xst:2169 - HDL ADVISOR - Some clock signals were not automatically buffered by XST with BUFG/BUFR resources. Please use the buffer_type constraint in order to insert these buffers to the clock signals to help prevent skew problems.

Asynchronous Control Signals Information:
----------------------------------------
-----------------------------------+------------------------+-------+
Control Signal                     | Buffer(FF name)        | Load  |
-----------------------------------+------------------------+-------+
reset                              | IBUF                   | 12    |
-----------------------------------+------------------------+-------+

Timing Summary:
---------------
Speed Grade: -5

   Minimum period: 2.289ns (Maximum Frequency: 436.862MHz)
   Minimum input arrival time before clock: No path found
   Maximum output required time after clock: 5.259ns
   Maximum combinational path delay: 6.039ns

Timing Detail:
--------------
All values displayed in nanoseconds (ns)

=========================================================================
Timing constraint: Default period analysis for Clock 'clk'
  Clock period: 2.289ns (frequency: 436.862MHz)
  Total number of paths / destination ports: 12 / 4
-------------------------------------------------------------------------
Delay:               2.289ns (Levels of Logic = 1)
  Source:            clockdivider/r_reg_0 (FF)
  Destination:       clockdivider/r_reg_0 (FF)
  Source Clock:      clk rising
  Destination Clock: clk rising

  Data Path: clockdivider/r_reg_0 to clockdivider/r_reg_0
                                Gate     Net
    Cell:in->out      fanout   Delay   Delay  Logical Name (Net Name)
    ----------------------------------------  ------------
     FDC:C->Q              5   0.514   0.538  clockdivider/r_reg_0 (clockdivider/r_reg_0)
     INV:I->O              1   0.612   0.357  clockdivider/r_next<0>1_INV_0 (clockdivider/r_next<0>)
     FDC:D                     0.268          clockdivider/r_reg_0
    ----------------------------------------
    Total                      2.289ns (1.394ns logic, 0.895ns route)
                                       (60.9% logic, 39.1% route)

=========================================================================
Timing constraint: Default period analysis for Clock 'clk_out'
  Clock period: 1.962ns (frequency: 509.671MHz)
  Total number of paths / destination ports: 16 / 8
-------------------------------------------------------------------------
Delay:               1.962ns (Levels of Logic = 1)
  Source:            SIPO/r_reg_7 (FF)
  Destination:       SIPO/r_reg_0 (FF)
  Source Clock:      clk_out rising
  Destination Clock: clk_out rising

  Data Path: SIPO/r_reg_7 to SIPO/r_reg_0
                                Gate     Net
    Cell:in->out      fanout   Delay   Delay  Logical Name (Net Name)
    ----------------------------------------  ------------
     FDP:C->Q              5   0.514   0.568  SIPO/r_reg_7 (SIPO/r_reg_7)
     LUT3:I2->O            1   0.612   0.000  SIPO/r_next<6>1 (SIPO/r_next<6>)
     FDC:D                     0.268          SIPO/r_reg_6
    ----------------------------------------
    Total                      1.962ns (1.394ns logic, 0.568ns route)
                                       (71.0% logic, 29.0% route)

=========================================================================
Timing constraint: Default OFFSET OUT AFTER for Clock 'clk_out'
  Total number of paths / destination ports: 8 / 8
-------------------------------------------------------------------------
Offset:              5.259ns (Levels of Logic = 2)
  Source:            SIPO/r_reg_7 (FF)
  Destination:       q<7> (PAD)
  Source Clock:      clk_out rising

  Data Path: SIPO/r_reg_7 to q<7>
                                Gate     Net
    Cell:in->out      fanout   Delay   Delay  Logical Name (Net Name)
    ----------------------------------------  ------------
     FDP:C->Q              5   0.514   0.607  SIPO/r_reg_7 (SIPO/r_reg_7)
     LUT2:I1->O            1   0.612   0.357  SIPO/q_out<7>1 (q_7_OBUF)
     OBUF:I->O                 3.169          q_7_OBUF (q<7>)
    ----------------------------------------
    Total                      5.259ns (4.295ns logic, 0.964ns route)
                                       (81.7% logic, 18.3% route)

=========================================================================
Timing constraint: Default path analysis
  Total number of paths / destination ports: 8 / 8
-------------------------------------------------------------------------
Delay:               6.039ns (Levels of Logic = 3)
  Source:            inv (PAD)
  Destination:       q<7> (PAD)

  Data Path: inv to q<7>
                                Gate     Net
    Cell:in->out      fanout   Delay   Delay  Logical Name (Net Name)
    ----------------------------------------  ------------
     IBUF:I->O             8   1.106   0.795  inv_IBUF (inv_IBUF)
     LUT2:I0->O            1   0.612   0.357  SIPO/q_out<6>1 (q_6_OBUF)
     OBUF:I->O                 3.169          q_6_OBUF (q<6>)
    ----------------------------------------
    Total                      6.039ns (4.887ns logic, 1.152ns route)
                                       (80.9% logic, 19.1% route)

=========================================================================


Total REAL time to Xst completion: 2.00 secs
Total CPU time to Xst completion: 2.32 secs
 
--> 

Total memory usage is 4497456 kilobytes

Number of errors   :    0 (   0 filtered)
Number of warnings :    1 (   0 filtered)
Number of infos    :    2 (   0 filtered)

