MO FFD NULL FFD.v vlg78/_f_f_d.bin 1637294322
MO shift_register_4b_SISO NULL shift_register_4b_SISO.v vlg34/shift__register__4b___s_i_s_o.bin 1637294322
MO clock_div NULL clock_div.v vlg4A/clock__div.bin 1637294322
MO shift_register_4b NULL shift_register_4b.v vlg53/shift__register__4b.bin 1637294322
