Release 14.7 - xst P.20131013 (nt64)
Copyright (c) 1995-2013 Xilinx, Inc.  All rights reserved.
--> Parameter TMPDIR set to xst/projnav.tmp


Total REAL time to Xst completion: 0.00 secs
Total CPU time to Xst completion: 0.06 secs
 
--> Parameter xsthdpdir set to xst


Total REAL time to Xst completion: 0.00 secs
Total CPU time to Xst completion: 0.06 secs
 
--> Reading design: counter.prj

TABLE OF CONTENTS
  1) Synthesis Options Summary
  2) HDL Compilation
  3) Design Hierarchy Analysis
  4) HDL Analysis
  5) HDL Synthesis
     5.1) HDL Synthesis Report
  6) Advanced HDL Synthesis
     6.1) Advanced HDL Synthesis Report
  7) Low Level Synthesis
  8) Partition Report
  9) Final Report
	9.1) Device utilization summary
	9.2) Partition Resource Summary
	9.3) TIMING REPORT


=========================================================================
*                      Synthesis Options Summary                        *
=========================================================================
---- Source Parameters
Input File Name                    : "counter.prj"
Input Format                       : mixed
Ignore Synthesis Constraint File   : NO

---- Target Parameters
Output File Name                   : "counter"
Output Format                      : NGC
Target Device                      : xc3s500e-4-fg320

---- Source Options
Top Module Name                    : counter
Automatic FSM Extraction           : YES
FSM Encoding Algorithm             : Auto
Safe Implementation                : No
FSM Style                          : LUT
RAM Extraction                     : Yes
RAM Style                          : Auto
ROM Extraction                     : Yes
Mux Style                          : Auto
Decoder Extraction                 : YES
Priority Encoder Extraction        : Yes
Shift Register Extraction          : YES
Logical Shifter Extraction         : YES
XOR Collapsing                     : YES
ROM Style                          : Auto
Mux Extraction                     : Yes
Resource Sharing                   : YES
Asynchronous To Synchronous        : NO
Multiplier Style                   : Auto
Automatic Register Balancing       : No

---- Target Options
Add IO Buffers                     : YES
Global Maximum Fanout              : 100000
Add Generic Clock Buffer(BUFG)     : 24
Register Duplication               : YES
Slice Packing                      : YES
Optimize Instantiated Primitives   : NO
Use Clock Enable                   : Yes
Use Synchronous Set                : Yes
Use Synchronous Reset              : Yes
Pack IO Registers into IOBs        : Auto
Equivalent register Removal        : YES

---- General Options
Optimization Goal                  : Speed
Optimization Effort                : 1
Keep Hierarchy                     : No
Netlist Hierarchy                  : As_Optimized
RTL Output                         : Yes
Global Optimization                : AllClockNets
Read Cores                         : YES
Write Timing Constraints           : NO
Cross Clock Analysis               : NO
Hierarchy Separator                : /
Bus Delimiter                      : <>
Case Specifier                     : Maintain
Slice Utilization Ratio            : 100
BRAM Utilization Ratio             : 100
Verilog 2001                       : YES
Auto BRAM Packing                  : NO
Slice Utilization Ratio Delta      : 5

=========================================================================


=========================================================================
*                          HDL Compilation                              *
=========================================================================
Compiling verilog file "counter.v" in library work
Module <counter> compiled
No errors in compilation
Analysis of file <"counter.prj"> succeeded.
 

=========================================================================
*                     Design Hierarchy Analysis                         *
=========================================================================
Analyzing hierarchy for module <counter> in library <work> with parameters.
	M = "00011101110011010110010100000000"
	N = "00000000000000000000000000011101"


=========================================================================
*                            HDL Analysis                               *
=========================================================================
Analyzing top module <counter>.
	M = 32'sb00011101110011010110010100000000
	N = 32'sb00000000000000000000000000011101
Module <counter> is correct for synthesis.
 

=========================================================================
*                           HDL Synthesis                               *
=========================================================================

Performing bidirectional port resolution...

Synthesizing Unit <counter>.
    Related source file is "counter.v".
    Found 29-bit comparator less for signal <q_0$cmp_lt0000> created at line 53.
    Found 29-bit comparator less for signal <q_1$cmp_lt0000> created at line 54.
    Found 29-bit comparator less for signal <q_2$cmp_lt0000> created at line 55.
    Found 29-bit comparator less for signal <q_3$cmp_lt0000> created at line 56.
    Found 29-bit adder for signal <r_next01H$addsub0000> created at line 48.
    Found 29-bit adder for signal <r_next100H$addsub0000> created at line 51.
    Found 29-bit adder for signal <r_next10H$addsub0000> created at line 50.
    Found 29-bit adder for signal <r_next1H$addsub0000> created at line 49.
    Found 29-bit register for signal <r_reg01H>.
    Found 29-bit register for signal <r_reg100H>.
    Found 29-bit register for signal <r_reg10H>.
    Found 29-bit register for signal <r_reg1H>.
    Summary:
	inferred 116 D-type flip-flop(s).
	inferred   4 Adder/Subtractor(s).
	inferred   4 Comparator(s).
Unit <counter> synthesized.


=========================================================================
HDL Synthesis Report

Macro Statistics
# Adders/Subtractors                                   : 4
 29-bit adder                                          : 4
# Registers                                            : 4
 29-bit register                                       : 4
# Comparators                                          : 4
 29-bit comparator less                                : 4

=========================================================================

=========================================================================
*                       Advanced HDL Synthesis                          *
=========================================================================


=========================================================================
Advanced HDL Synthesis Report

Macro Statistics
# Adders/Subtractors                                   : 4
 29-bit adder                                          : 4
# Registers                                            : 116
 Flip-Flops                                            : 116
# Comparators                                          : 4
 29-bit comparator less                                : 4

=========================================================================

=========================================================================
*                         Low Level Synthesis                           *
=========================================================================

Optimizing unit <counter> ...

Mapping all equations...
Building and optimizing final netlist ...
Found area constraint ratio of 100 (+ 5) on block counter, actual ratio is 3.

Final Macro Processing ...

=========================================================================
Final Register Report

Macro Statistics
# Registers                                            : 116
 Flip-Flops                                            : 116

=========================================================================

=========================================================================
*                           Partition Report                            *
=========================================================================

Partition Implementation Status
-------------------------------

  No Partitions were found in this design.

-------------------------------

=========================================================================
*                            Final Report                               *
=========================================================================
Final Results
RTL Top Level Output File Name     : counter.ngr
Top Level Output File Name         : counter
Output Format                      : NGC
Optimization Goal                  : Speed
Keep Hierarchy                     : No

Design Statistics
# IOs                              : 6

Cell Usage :
# BELS                             : 622
#      GND                         : 1
#      INV                         : 18
#      LUT1                        : 127
#      LUT2                        : 125
#      LUT3                        : 5
#      LUT4                        : 37
#      MUXCY                       : 192
#      VCC                         : 1
#      XORCY                       : 116
# FlipFlops/Latches                : 116
#      FDR                         : 116
# Clock Buffers                    : 1
#      BUFGP                       : 1
# IO Buffers                       : 5
#      IBUF                        : 1
#      OBUF                        : 4
=========================================================================

Device utilization summary:
---------------------------

Selected Device : 3s500efg320-4 

 Number of Slices:                      168  out of   4656     3%  
 Number of Slice Flip Flops:            116  out of   9312     1%  
 Number of 4 input LUTs:                312  out of   9312     3%  
 Number of IOs:                           6
 Number of bonded IOBs:                   6  out of    232     2%  
 Number of GCLKs:                         1  out of     24     4%  

---------------------------
Partition Resource Summary:
---------------------------

  No Partitions were found in this design.

---------------------------


=========================================================================
TIMING REPORT

NOTE: THESE TIMING NUMBERS ARE ONLY A SYNTHESIS ESTIMATE.
      FOR ACCURATE TIMING INFORMATION PLEASE REFER TO THE TRACE REPORT
      GENERATED AFTER PLACE-and-ROUTE.

Clock Information:
------------------
-----------------------------------+------------------------+-------+
Clock Signal                       | Clock buffer(FF name)  | Load  |
-----------------------------------+------------------------+-------+
clk                                | BUFGP                  | 116   |
-----------------------------------+------------------------+-------+

Asynchronous Control Signals Information:
----------------------------------------
No asynchronous control signals found in this design

Timing Summary:
---------------
Speed Grade: -4

   Minimum period: 6.230ns (Maximum Frequency: 160.514MHz)
   Minimum input arrival time before clock: 3.418ns
   Maximum output required time after clock: 7.324ns
   Maximum combinational path delay: No path found

Timing Detail:
--------------
All values displayed in nanoseconds (ns)

=========================================================================
Timing constraint: Default period analysis for Clock 'clk'
  Clock period: 6.230ns (frequency: 160.514MHz)
  Total number of paths / destination ports: 5104 / 116
-------------------------------------------------------------------------
Delay:               6.230ns (Levels of Logic = 30)
  Source:            r_reg10H_1 (FF)
  Destination:       r_reg10H_28 (FF)
  Source Clock:      clk rising
  Destination Clock: clk rising

  Data Path: r_reg10H_1 to r_reg10H_28
                                Gate     Net
    Cell:in->out      fanout   Delay   Delay  Logical Name (Net Name)
    ----------------------------------------  ------------
     FDR:C->Q              2   0.591   0.622  r_reg10H_1 (r_reg10H_1)
     LUT1:I0->O            1   0.704   0.000  Madd_r_next10H_addsub0000_cy<1>_rt (Madd_r_next10H_addsub0000_cy<1>_rt)
     MUXCY:S->O            1   0.464   0.000  Madd_r_next10H_addsub0000_cy<1> (Madd_r_next10H_addsub0000_cy<1>)
     MUXCY:CI->O           1   0.059   0.000  Madd_r_next10H_addsub0000_cy<2> (Madd_r_next10H_addsub0000_cy<2>)
     MUXCY:CI->O           1   0.059   0.000  Madd_r_next10H_addsub0000_cy<3> (Madd_r_next10H_addsub0000_cy<3>)
     MUXCY:CI->O           1   0.059   0.000  Madd_r_next10H_addsub0000_cy<4> (Madd_r_next10H_addsub0000_cy<4>)
     MUXCY:CI->O           1   0.059   0.000  Madd_r_next10H_addsub0000_cy<5> (Madd_r_next10H_addsub0000_cy<5>)
     MUXCY:CI->O           1   0.059   0.000  Madd_r_next10H_addsub0000_cy<6> (Madd_r_next10H_addsub0000_cy<6>)
     MUXCY:CI->O           1   0.059   0.000  Madd_r_next10H_addsub0000_cy<7> (Madd_r_next10H_addsub0000_cy<7>)
     MUXCY:CI->O           1   0.059   0.000  Madd_r_next10H_addsub0000_cy<8> (Madd_r_next10H_addsub0000_cy<8>)
     MUXCY:CI->O           1   0.059   0.000  Madd_r_next10H_addsub0000_cy<9> (Madd_r_next10H_addsub0000_cy<9>)
     MUXCY:CI->O           1   0.059   0.000  Madd_r_next10H_addsub0000_cy<10> (Madd_r_next10H_addsub0000_cy<10>)
     MUXCY:CI->O           1   0.059   0.000  Madd_r_next10H_addsub0000_cy<11> (Madd_r_next10H_addsub0000_cy<11>)
     MUXCY:CI->O           1   0.059   0.000  Madd_r_next10H_addsub0000_cy<12> (Madd_r_next10H_addsub0000_cy<12>)
     MUXCY:CI->O           1   0.059   0.000  Madd_r_next10H_addsub0000_cy<13> (Madd_r_next10H_addsub0000_cy<13>)
     MUXCY:CI->O           1   0.059   0.000  Madd_r_next10H_addsub0000_cy<14> (Madd_r_next10H_addsub0000_cy<14>)
     MUXCY:CI->O           1   0.059   0.000  Madd_r_next10H_addsub0000_cy<15> (Madd_r_next10H_addsub0000_cy<15>)
     MUXCY:CI->O           1   0.059   0.000  Madd_r_next10H_addsub0000_cy<16> (Madd_r_next10H_addsub0000_cy<16>)
     MUXCY:CI->O           1   0.059   0.000  Madd_r_next10H_addsub0000_cy<17> (Madd_r_next10H_addsub0000_cy<17>)
     MUXCY:CI->O           1   0.059   0.000  Madd_r_next10H_addsub0000_cy<18> (Madd_r_next10H_addsub0000_cy<18>)
     MUXCY:CI->O           1   0.059   0.000  Madd_r_next10H_addsub0000_cy<19> (Madd_r_next10H_addsub0000_cy<19>)
     MUXCY:CI->O           1   0.059   0.000  Madd_r_next10H_addsub0000_cy<20> (Madd_r_next10H_addsub0000_cy<20>)
     MUXCY:CI->O           1   0.059   0.000  Madd_r_next10H_addsub0000_cy<21> (Madd_r_next10H_addsub0000_cy<21>)
     MUXCY:CI->O           1   0.059   0.000  Madd_r_next10H_addsub0000_cy<22> (Madd_r_next10H_addsub0000_cy<22>)
     MUXCY:CI->O           1   0.059   0.000  Madd_r_next10H_addsub0000_cy<23> (Madd_r_next10H_addsub0000_cy<23>)
     MUXCY:CI->O           1   0.059   0.000  Madd_r_next10H_addsub0000_cy<24> (Madd_r_next10H_addsub0000_cy<24>)
     MUXCY:CI->O           1   0.059   0.000  Madd_r_next10H_addsub0000_cy<25> (Madd_r_next10H_addsub0000_cy<25>)
     MUXCY:CI->O           1   0.059   0.000  Madd_r_next10H_addsub0000_cy<26> (Madd_r_next10H_addsub0000_cy<26>)
     MUXCY:CI->O           0   0.059   0.000  Madd_r_next10H_addsub0000_cy<27> (Madd_r_next10H_addsub0000_cy<27>)
     XORCY:CI->O           1   0.804   0.499  Madd_r_next10H_addsub0000_xor<28> (r_next10H_addsub0000<28>)
     LUT2:I1->O            1   0.704   0.000  r_next10H<28>1 (r_next10H<28>)
     FDR:D                     0.308          r_reg10H_28
    ----------------------------------------
    Total                      6.230ns (5.109ns logic, 1.121ns route)
                                       (82.0% logic, 18.0% route)

=========================================================================
Timing constraint: Default OFFSET IN BEFORE for Clock 'clk'
  Total number of paths / destination ports: 116 / 116
-------------------------------------------------------------------------
Offset:              3.418ns (Levels of Logic = 1)
  Source:            reset (PAD)
  Destination:       r_reg10H_0 (FF)
  Destination Clock: clk rising

  Data Path: reset to r_reg10H_0
                                Gate     Net
    Cell:in->out      fanout   Delay   Delay  Logical Name (Net Name)
    ----------------------------------------  ------------
     IBUF:I->O           116   1.218   1.289  reset_IBUF (reset_IBUF)
     FDR:R                     0.911          r_reg10H_0
    ----------------------------------------
    Total                      3.418ns (2.129ns logic, 1.289ns route)
                                       (62.3% logic, 37.7% route)

=========================================================================
Timing constraint: Default OFFSET OUT AFTER for Clock 'clk'
  Total number of paths / destination ports: 94 / 4
-------------------------------------------------------------------------
Offset:              7.324ns (Levels of Logic = 16)
  Source:            r_reg01H_7 (FF)
  Destination:       q<0> (PAD)
  Source Clock:      clk rising

  Data Path: r_reg01H_7 to q<0>
                                Gate     Net
    Cell:in->out      fanout   Delay   Delay  Logical Name (Net Name)
    ----------------------------------------  ------------
     FDR:C->Q              3   0.591   0.706  r_reg01H_7 (r_reg01H_7)
     LUT1:I0->O            1   0.704   0.000  Mcompar_q_0_cmp_lt0000_cy<0>_rt (Mcompar_q_0_cmp_lt0000_cy<0>_rt)
     MUXCY:S->O            1   0.464   0.000  Mcompar_q_0_cmp_lt0000_cy<0> (Mcompar_q_0_cmp_lt0000_cy<0>)
     MUXCY:CI->O           1   0.059   0.000  Mcompar_q_0_cmp_lt0000_cy<1> (Mcompar_q_0_cmp_lt0000_cy<1>)
     MUXCY:CI->O           1   0.059   0.000  Mcompar_q_0_cmp_lt0000_cy<2> (Mcompar_q_0_cmp_lt0000_cy<2>)
     MUXCY:CI->O           1   0.059   0.000  Mcompar_q_0_cmp_lt0000_cy<3> (Mcompar_q_0_cmp_lt0000_cy<3>)
     MUXCY:CI->O           1   0.059   0.000  Mcompar_q_0_cmp_lt0000_cy<4> (Mcompar_q_0_cmp_lt0000_cy<4>)
     MUXCY:CI->O           1   0.059   0.000  Mcompar_q_0_cmp_lt0000_cy<5> (Mcompar_q_0_cmp_lt0000_cy<5>)
     MUXCY:CI->O           1   0.059   0.000  Mcompar_q_0_cmp_lt0000_cy<6> (Mcompar_q_0_cmp_lt0000_cy<6>)
     MUXCY:CI->O           1   0.059   0.000  Mcompar_q_0_cmp_lt0000_cy<7> (Mcompar_q_0_cmp_lt0000_cy<7>)
     MUXCY:CI->O           1   0.059   0.000  Mcompar_q_0_cmp_lt0000_cy<8> (Mcompar_q_0_cmp_lt0000_cy<8>)
     MUXCY:CI->O           1   0.059   0.000  Mcompar_q_0_cmp_lt0000_cy<9> (Mcompar_q_0_cmp_lt0000_cy<9>)
     MUXCY:CI->O           1   0.059   0.000  Mcompar_q_0_cmp_lt0000_cy<10> (Mcompar_q_0_cmp_lt0000_cy<10>)
     MUXCY:CI->O           1   0.059   0.000  Mcompar_q_0_cmp_lt0000_cy<11> (Mcompar_q_0_cmp_lt0000_cy<11>)
     MUXCY:CI->O           1   0.059   0.000  Mcompar_q_0_cmp_lt0000_cy<12> (Mcompar_q_0_cmp_lt0000_cy<12>)
     MUXCY:CI->O           1   0.459   0.420  Mcompar_q_0_cmp_lt0000_cy<13> (Mcompar_q_0_cmp_lt0000_cy<13>)
     OBUF:I->O                 3.272          q_0_OBUF (q<0>)
    ----------------------------------------
    Total                      7.324ns (6.198ns logic, 1.126ns route)
                                       (84.6% logic, 15.4% route)

=========================================================================


Total REAL time to Xst completion: 3.00 secs
Total CPU time to Xst completion: 2.82 secs
 
--> 

Total memory usage is 4513688 kilobytes

Number of errors   :    0 (   0 filtered)
Number of warnings :    0 (   0 filtered)
Number of infos    :    0 (   0 filtered)

